// Jest Snapshot v1, https://goo.gl/fbAQLP

exports[`SbTitle UI Component renders a text 1`] = `
<Text
  style={
    Object {
      "color": "#DC8080",
      "fontFamily": "montserrat-bold",
      "fontSize": 16,
    }
  }
>
  Hello
</Text>
`;
